---
source: tests/test.rs
expression: "app.press('l')"
---
 0000OCTAGON00000                                                               
       0000                                                                     
     00    00                                                                   
   00        00                                                                 
 00            00                                                               
 00            00                                                               
   00        00                                                                 
     00    00                                                                   
       0000
